C:\Users\DJMcC\OneDrive\Desktop\PocketFence-Ecosystem\Filter\Program.cs(22,30): error CS0017: Program has more than one entry point defined. Compile with /main to specify the type that contains the entry point. [C:\Users\DJMcC\OneDrive\Desktop\PocketFence-Ecosystem\PocketFence-AI.csproj]
C:\Users\DJMcC\OneDrive\Desktop\PocketFence-Ecosystem\Filter\Program.cs(78,32): warning IL2026: Using member 'System.Text.Json.JsonSerializer.Deserialize<TValue>(String, JsonSerializerOptions)' which has 'RequiresUnreferencedCodeAttribute' can break functionality when trimming application code. JSON serialization and deserialization might require types that cannot be statically analyzed. Use the overload that takes a JsonTypeInfo or JsonSerializerContext, or make sure all of the required types are preserved. [C:\Users\DJMcC\OneDrive\Desktop\PocketFence-Ecosystem\PocketFence-AI.csproj]
